com\syngeneric\dao\UserDAO.class
com\syngeneric\HelloApplication.class
com\syngeneric\util\BeepSound.class
com\syngeneric\controller\LoadingDialogController.class
com\syngeneric\model\User.class
com\syngeneric\controller\RegisterOptionController.class
com\syngeneric\model\FoodMarking.class
com\syngeneric\controller\CheckCodesController$BusquedaComensal.class
com\syngeneric\util\ConvertObject.class
com\syngeneric\util\SessionManager.class
com\syngeneric\model\UserProject.class
com\syngeneric\sync\APISync.class
module-info.class
com\syngeneric\sync\SyncRegister.class
com\syngeneric\model\ProjectsSubproject.class
com\syngeneric\util\ShowAlerts.class
com\syngeneric\util\DatabaseConnection.class
com\syngeneric\dao\DinersDAO.class
com\syngeneric\dao\SubProjectDAO.class
com\syngeneric\model\Project.class
com\syngeneric\model\Diners.class
com\syngeneric\controller\CheckCodesController$Tuple.class
com\syngeneric\util\PrintTick.class
com\syngeneric\controller\CheckCodesController.class
com\syngeneric\model\UserSession.class
com\syngeneric\util\DateTimeHelper.class
com\syngeneric\dao\FoodMarkingDAO.class
com\syngeneric\mappers\DinersMapper.class
com\syngeneric\controller\HelloController.class
com\syngeneric\sync\ConnectionWeb.class
com\syngeneric\controller\CheckCodesController$Tuple3.class
com\syngeneric\sync\SyncDiners.class
com\syngeneric\model\SubProject.class
com\syngeneric\sync\SyncSettings.class
com\syngeneric\util\CustomWindowDecorator.class
com\syngeneric\dao\ProjectDAO.class
com\syngeneric\sync\ConfigDataXml.class
com\syngeneric\util\LogUtil.class
com\syngeneric\model\FoodServices.class
com\syngeneric\util\PasswordHasher.class
com\syngeneric\sync\UploadDataConfig.class
com\syngeneric\dao\UserSessionDAO.class
com\syngeneric\dao\FoodServicesDAO.class
com\syngeneric\controller\HelloController$1.class
com\syngeneric\NewMain.class
