C:\dev\java\smartDine\src\main\java\com\syngeneric\model\Diners.java
C:\dev\java\smartDine\src\main\java\com\syngeneric\util\DateTimeHelper.java
C:\dev\java\smartDine\src\main\java\com\syngeneric\util\ShowAlerts.java
C:\dev\java\smartDine\src\main\java\com\syngeneric\dao\UserSessionDAO.java
C:\dev\java\smartDine\src\main\java\com\syngeneric\util\CustomWindowDecorator.java
C:\dev\java\smartDine\src\main\java\module-info.java
C:\dev\java\smartDine\src\main\java\com\syngeneric\model\FoodServices.java
C:\dev\java\smartDine\src\main\java\com\syngeneric\model\FoodMarking.java
C:\dev\java\smartDine\src\main\java\com\syngeneric\model\UserSession.java
C:\dev\java\smartDine\src\main\java\com\syngeneric\dao\SubProjectDAO.java
C:\dev\java\smartDine\src\main\java\com\syngeneric\model\User.java
C:\dev\java\smartDine\src\main\java\com\syngeneric\util\PrintTick.java
C:\dev\java\smartDine\src\main\java\com\syngeneric\HelloApplication.java
C:\dev\java\smartDine\src\main\java\com\syngeneric\sync\APISync.java
C:\dev\java\smartDine\src\main\java\com\syngeneric\sync\SyncDiners.java
C:\dev\java\smartDine\src\main\java\com\syngeneric\util\DatabaseConnection.java
C:\dev\java\smartDine\src\main\java\com\syngeneric\util\LogUtil.java
C:\dev\java\smartDine\src\main\java\com\syngeneric\model\ProjectsSubproject.java
C:\dev\java\smartDine\src\main\java\com\syngeneric\util\PasswordHasher.java
C:\dev\java\smartDine\src\main\java\com\syngeneric\controller\RegisterOptionController.java
C:\dev\java\smartDine\src\main\java\com\syngeneric\model\Project.java
C:\dev\java\smartDine\src\main\java\com\syngeneric\sync\SyncRegister.java
C:\dev\java\smartDine\src\main\java\com\syngeneric\util\BeepSound.java
C:\dev\java\smartDine\src\main\java\com\syngeneric\dao\DinersDAO.java
C:\dev\java\smartDine\src\main\java\com\syngeneric\controller\HelloController.java
C:\dev\java\smartDine\src\main\java\com\syngeneric\dao\UserDAO.java
C:\dev\java\smartDine\src\main\java\com\syngeneric\NewMain.java
C:\dev\java\smartDine\src\main\java\com\syngeneric\dao\FoodServicesDAO.java
C:\dev\java\smartDine\src\main\java\com\syngeneric\model\SubProject.java
C:\dev\java\smartDine\src\main\java\com\syngeneric\sync\SyncSettings.java
C:\dev\java\smartDine\src\main\java\com\syngeneric\sync\ConnectionWeb.java
C:\dev\java\smartDine\src\main\java\com\syngeneric\dao\ProjectDAO.java
C:\dev\java\smartDine\src\main\java\com\syngeneric\sync\UploadDataConfig.java
C:\dev\java\smartDine\src\main\java\com\syngeneric\mappers\DinersMapper.java
C:\dev\java\smartDine\src\main\java\com\syngeneric\sync\ConfigDataXml.java
C:\dev\java\smartDine\src\main\java\com\syngeneric\model\UserProject.java
C:\dev\java\smartDine\src\main\java\com\syngeneric\util\SessionManager.java
C:\dev\java\smartDine\src\main\java\com\syngeneric\util\ConvertObject.java
C:\dev\java\smartDine\src\main\java\com\syngeneric\controller\LoadingDialogController.java
C:\dev\java\smartDine\src\main\java\com\syngeneric\controller\CheckCodesController.java
C:\dev\java\smartDine\src\main\java\com\syngeneric\dao\FoodMarkingDAO.java
